------------------------------------------------------------
TimeQuest Timing Analyzer Summary
------------------------------------------------------------

Type  : Slow 1100mV 85C Model Setup 'CLOCK_50'
Slack : -3.426
TNS   : -118.148

Type  : Slow 1100mV 85C Model Hold 'CLOCK_50'
Slack : 0.046
TNS   : 0.000

Type  : Slow 1100mV 85C Model Recovery 'KEY[0]'
Slack : -3.301
TNS   : -30.849

Type  : Slow 1100mV 85C Model Recovery 'CLOCK_50'
Slack : -2.466
TNS   : -34.462

Type  : Slow 1100mV 85C Model Removal 'CLOCK_50'
Slack : 0.917
TNS   : 0.000

Type  : Slow 1100mV 85C Model Removal 'KEY[0]'
Slack : 1.462
TNS   : 0.000

Type  : Slow 1100mV 85C Model Minimum Pulse Width 'CLOCK_50'
Slack : -0.394
TNS   : -21.960

Type  : Slow 1100mV 85C Model Minimum Pulse Width 'KEY[0]'
Slack : 0.147
TNS   : 0.000

Type  : Slow 1100mV 0C Model Setup 'CLOCK_50'
Slack : -3.334
TNS   : -113.129

Type  : Slow 1100mV 0C Model Hold 'CLOCK_50'
Slack : -0.068
TNS   : -0.068

Type  : Slow 1100mV 0C Model Recovery 'KEY[0]'
Slack : -3.185
TNS   : -30.025

Type  : Slow 1100mV 0C Model Recovery 'CLOCK_50'
Slack : -2.248
TNS   : -31.436

Type  : Slow 1100mV 0C Model Removal 'CLOCK_50'
Slack : 0.686
TNS   : 0.000

Type  : Slow 1100mV 0C Model Removal 'KEY[0]'
Slack : 1.298
TNS   : 0.000

Type  : Slow 1100mV 0C Model Minimum Pulse Width 'CLOCK_50'
Slack : -0.394
TNS   : -23.407

Type  : Slow 1100mV 0C Model Minimum Pulse Width 'KEY[0]'
Slack : 0.173
TNS   : 0.000

Type  : Fast 1100mV 85C Model Setup 'CLOCK_50'
Slack : -2.053
TNS   : -76.061

Type  : Fast 1100mV 85C Model Hold 'CLOCK_50'
Slack : 0.181
TNS   : 0.000

Type  : Fast 1100mV 85C Model Recovery 'KEY[0]'
Slack : -1.764
TNS   : -16.131

Type  : Fast 1100mV 85C Model Recovery 'CLOCK_50'
Slack : -1.741
TNS   : -24.340

Type  : Fast 1100mV 85C Model Removal 'CLOCK_50'
Slack : 0.457
TNS   : 0.000

Type  : Fast 1100mV 85C Model Removal 'KEY[0]'
Slack : 0.775
TNS   : 0.000

Type  : Fast 1100mV 85C Model Minimum Pulse Width 'CLOCK_50'
Slack : -0.095
TNS   : -3.862

Type  : Fast 1100mV 85C Model Minimum Pulse Width 'KEY[0]'
Slack : -0.084
TNS   : -1.556

Type  : Fast 1100mV 0C Model Setup 'CLOCK_50'
Slack : -1.806
TNS   : -67.050

Type  : Fast 1100mV 0C Model Hold 'CLOCK_50'
Slack : 0.172
TNS   : 0.000

Type  : Fast 1100mV 0C Model Recovery 'CLOCK_50'
Slack : -1.533
TNS   : -21.431

Type  : Fast 1100mV 0C Model Recovery 'KEY[0]'
Slack : -1.482
TNS   : -13.560

Type  : Fast 1100mV 0C Model Removal 'CLOCK_50'
Slack : 0.323
TNS   : 0.000

Type  : Fast 1100mV 0C Model Removal 'KEY[0]'
Slack : 0.606
TNS   : 0.000

Type  : Fast 1100mV 0C Model Minimum Pulse Width 'CLOCK_50'
Slack : -0.092
TNS   : -3.740

Type  : Fast 1100mV 0C Model Minimum Pulse Width 'KEY[0]'
Slack : -0.065
TNS   : -1.220

------------------------------------------------------------
